python : Creating test 
database for alias 
'default'...
At line:1 char:1
+ python manage.py 
test store > 
test_output.txt 2>&1
+ ~~~~~~~~~~~~~~~~~~~~~
~~~~~~~~~~~~~~~~~~~~~~~
~~~~~~
    + CategoryInfo     
         : NotSpecifi  
  ed: (Creating test   
  d...as 'default'.    
..:String) [], Rem    
oteException
    + FullyQualifiedEr 
   rorId : NativeComm  
  andError
 

E...E.
=======================
=======================
=======================
=
ERROR: test_login_user_
invalid (store.tests.Au
thViewsTest.test_login_
user_invalid)
-----------------------
-----------------------
-----------------------
-
Traceback (most recent 
call last):
  File "C:\rental_proje
ct\store\tests.py", 
line 70, in 
test_login_user_invalid
    self.assertFormErro
r(response, 'form', 
None, 'Invalid email 
or password.')
    ~~~~~~~~~~~~~~~~~~~
~^^^^^^^^^^^^^^^^^^^^^^
^^^^^^^^^^^^^^^^^^^^^^^
^^^^^^^^^
  File "C:\Users\SHIVAM
\AppData\Roaming\Python
\Python313\site-package
s\django\test\testcases
.py", line 708, in 
assertFormError
    self._assert_form_e
rror(form, field, 
errors, msg_prefix)
    ~~~~~~~~~~~~~~~~~~~
~~~~^^^^^^^^^^^^^^^^^^^
^^^^^^^^^^^^^^
  File "C:\Users\SHIVAM
\AppData\Roaming\Python
\Python313\site-package
s\django\test\testcases
.py", line 665, in 
_assert_form_error
    if not 
form.is_bound:
           
^^^^^^^^^^^^^
AttributeError: 
'HttpResponse' object 
has no attribute 
'is_bound'

=======================
=======================
=======================
=
ERROR: test_register_us
er_post (store.tests.Au
thViewsTest.test_regist
er_user_post)
-----------------------
-----------------------
-----------------------
-
Traceback (most recent 
call last):
  File "C:\rental_proje
ct\store\tests.py", 
line 32, in 
test_register_user_post
    user = User.objects
.get(username=self.user
_data['email'])  # 
username is the same 
as email
  File "C:\Users\SHIVAM
\AppData\Roaming\Python
\Python313\site-package
s\django\db\models\mana
ger.py", line 87, in 
manager_method
    return getattr(self
.get_queryset(), 
name)(*args, **kwargs)
           ~~~~~~~~~~~~
~~~~~~~~~~~~~~~~~~~~~~^
^^^^^^^^^^^^^^^^
  File "C:\Users\SHIVAM
\AppData\Roaming\Python
\Python313\site-package
s\django\db\models\quer
y.py", line 639, in get
    raise self.model.Do
esNotExist(
        "%s matching 
query does not exist." 
% self.model._meta.obje
ct_name
    )
django.contrib.auth.mod
els.User.DoesNotExist: 
User matching query 
does not exist.

-----------------------
-----------------------
-----------------------
-
Ran 6 tests in 1.934s

FAILED (errors=2)
Destroying test 
database for alias 
'default'...

Found 6 test(s).
System check identified no issues (0 silenced).
